
> sefaz-ms@0.1.0 build
> next build

   Ôû▓ Next.js 15.5.11

   Creating an optimized production build ...
node.exe :  ÔÜá Mismatching 
@next/swc version, detected: 
15.5.7 while Next.js is on 
15.5.11. Please ensure these 
match
No C:\Program 
Files\nodejs\npm.ps1:29 
caractere:3
+   & $NODE_EXE $NPM_CLI_JS 
$args
+   
~~~~~~~~~~~~~~~~~~~~~~~~~~~~~
    + CategoryInfo             
 : NotSpecified    : ( ÔÜá 
Mismatchin.    ..ure these 
match:S    tring) [], RemoteEx 
   ception
    + FullyQualifiedErr    
orId : NativeComman    dError
 
 ÔÜá Mismatching @next/swc 
version, detected: 15.5.7 
while Next.js is on 15.5.11. 
Please ensure these match
 ÔÜá Mismatching @next/swc 
version, detected: 15.5.7 
while Next.js is on 15.5.11. 
Please ensure these match
 Ô£ô Compiled successfully in 1855ms
   Linting and checking validity of types ...

Failed to compile.

./src/app/conversas/page.tsx
363:104  Error: Unexpected 
any. Specify a different type. 
 @typescript-eslint/no-explicit
-any

./src/components/Header.tsx
29:13  Error: Error: Calling 
setState synchronously within 
an effect can trigger 
cascading renders

Effects are intended to 
synchronize state between 
React and external systems 
such as manually updating the 
DOM, state management 
libraries, or other platform 
APIs. In general, the body of 
an effect should do one or 
both of the following:
* Update external systems with 
the latest state from React.
* Subscribe for updates from 
some external system, calling 
setState in a callback 
function when external state 
changes.

Calling setState synchronously 
within an effect body causes 
cascading renders that can 
hurt performance, and is not 
recommended. (https://react.dev
/learn/you-might-not-need-an-ef
fect).

C:\Users\GabrielaEspinozadeSo\D
ocuments\Sefaz-ms\src\component
s\Header.tsx:29:13
  27 |         if (isDarkMode) 
{
  28 |             document.doc
umentElement.classList.add("dar
k");
> 29 |             
setIsDark(true);
     |             ^^^^^^^^^ 
Avoid calling setState() 
directly within an effect
  30 |         }
  31 |     }, []);
  32 |  
react-hooks/set-state-in-effect

info  - Need to disable some 
ESLint rules? Learn more here: 
https://nextjs.org/docs/app/api
-reference/config/eslint#disabl
ing-rules
