src/app/conversas/page.tsx(188,38): error TS7006: Parameter 'c' implicitly has an 'any' type.
src/app/conversas/page.tsx(198,29): error TS7006: Parameter 'prev' implicitly has an 'any' type.
src/app/conversas/page.tsx(198,46): error TS7006: Parameter 'conv' implicitly has an 'any' type.
src/app/conversas/page.tsx(221,29): error TS7006: Parameter 'prev' implicitly has an 'any' type.
src/app/conversas/page.tsx(221,46): error TS7006: Parameter 'conv' implicitly has an 'any' type.
src/app/conversas/page.tsx(338,98): error TS7006: Parameter 'conv' implicitly has an 'any' type.
